RESPONSE: {"error":"Synapse Core Failure: OpenRouter API Error: 429 - {\"error\":{\"message\":\"Provider returned error\",\"code\":429,\"metadata\":{\"raw\":\"google/gemini-2.0-flash-exp:free is temporarily rate-limited upstream. Please retry shortly, or add your own key to accumulate your rate limits: https://openrouter.ai/settings/integrations\",\"provider_name\":\"Google\"}},\"user_id\":\"user_36bP3X15surHMDMdeseIRG2c5i9\"}"}
